../Middleware/eProsima/Micro-CDR/types/array.c:33:6:ucdr_array_to_buffer	32	static
../Middleware/eProsima/Micro-CDR/types/array.c:60:6:ucdr_buffer_to_array	32	static
../Middleware/eProsima/Micro-CDR/types/array.c:175:1:ucdr_serialize_array_char	24	static
../Middleware/eProsima/Micro-CDR/types/array.c:175:1:ucdr_serialize_endian_array_char	24	static
../Middleware/eProsima/Micro-CDR/types/array.c:175:1:ucdr_deserialize_array_char	24	static
../Middleware/eProsima/Micro-CDR/types/array.c:175:1:ucdr_deserialize_endian_array_char	24	static
../Middleware/eProsima/Micro-CDR/types/array.c:176:1:ucdr_serialize_array_bool	24	static
../Middleware/eProsima/Micro-CDR/types/array.c:176:1:ucdr_serialize_endian_array_bool	24	static
../Middleware/eProsima/Micro-CDR/types/array.c:176:1:ucdr_deserialize_array_bool	24	static
../Middleware/eProsima/Micro-CDR/types/array.c:176:1:ucdr_deserialize_endian_array_bool	24	static
../Middleware/eProsima/Micro-CDR/types/array.c:177:1:ucdr_serialize_array_uint8_t	24	static
../Middleware/eProsima/Micro-CDR/types/array.c:177:1:ucdr_serialize_endian_array_uint8_t	24	static
../Middleware/eProsima/Micro-CDR/types/array.c:177:1:ucdr_deserialize_array_uint8_t	24	static
../Middleware/eProsima/Micro-CDR/types/array.c:177:1:ucdr_deserialize_endian_array_uint8_t	24	static
../Middleware/eProsima/Micro-CDR/types/array.c:178:1:ucdr_serialize_array_uint16_t	40	static
../Middleware/eProsima/Micro-CDR/types/array.c:178:1:ucdr_serialize_endian_array_uint16_t	40	static
../Middleware/eProsima/Micro-CDR/types/array.c:178:1:ucdr_deserialize_array_uint16_t	40	static
../Middleware/eProsima/Micro-CDR/types/array.c:178:1:ucdr_deserialize_endian_array_uint16_t	40	static
../Middleware/eProsima/Micro-CDR/types/array.c:179:1:ucdr_serialize_array_uint32_t	40	static
../Middleware/eProsima/Micro-CDR/types/array.c:179:1:ucdr_serialize_endian_array_uint32_t	40	static
../Middleware/eProsima/Micro-CDR/types/array.c:179:1:ucdr_deserialize_array_uint32_t	40	static
../Middleware/eProsima/Micro-CDR/types/array.c:179:1:ucdr_deserialize_endian_array_uint32_t	40	static
../Middleware/eProsima/Micro-CDR/types/array.c:180:1:ucdr_serialize_array_uint64_t	40	static
../Middleware/eProsima/Micro-CDR/types/array.c:180:1:ucdr_serialize_endian_array_uint64_t	40	static
../Middleware/eProsima/Micro-CDR/types/array.c:180:1:ucdr_deserialize_array_uint64_t	40	static
../Middleware/eProsima/Micro-CDR/types/array.c:180:1:ucdr_deserialize_endian_array_uint64_t	40	static
../Middleware/eProsima/Micro-CDR/types/array.c:181:1:ucdr_serialize_array_int8_t	24	static
../Middleware/eProsima/Micro-CDR/types/array.c:181:1:ucdr_serialize_endian_array_int8_t	24	static
../Middleware/eProsima/Micro-CDR/types/array.c:181:1:ucdr_deserialize_array_int8_t	24	static
../Middleware/eProsima/Micro-CDR/types/array.c:181:1:ucdr_deserialize_endian_array_int8_t	24	static
../Middleware/eProsima/Micro-CDR/types/array.c:182:1:ucdr_serialize_array_int16_t	40	static
../Middleware/eProsima/Micro-CDR/types/array.c:182:1:ucdr_serialize_endian_array_int16_t	40	static
../Middleware/eProsima/Micro-CDR/types/array.c:182:1:ucdr_deserialize_array_int16_t	40	static
../Middleware/eProsima/Micro-CDR/types/array.c:182:1:ucdr_deserialize_endian_array_int16_t	40	static
../Middleware/eProsima/Micro-CDR/types/array.c:183:1:ucdr_serialize_array_int32_t	40	static
../Middleware/eProsima/Micro-CDR/types/array.c:183:1:ucdr_serialize_endian_array_int32_t	40	static
../Middleware/eProsima/Micro-CDR/types/array.c:183:1:ucdr_deserialize_array_int32_t	40	static
../Middleware/eProsima/Micro-CDR/types/array.c:183:1:ucdr_deserialize_endian_array_int32_t	40	static
../Middleware/eProsima/Micro-CDR/types/array.c:184:1:ucdr_serialize_array_int64_t	40	static
../Middleware/eProsima/Micro-CDR/types/array.c:184:1:ucdr_serialize_endian_array_int64_t	40	static
../Middleware/eProsima/Micro-CDR/types/array.c:184:1:ucdr_deserialize_array_int64_t	40	static
../Middleware/eProsima/Micro-CDR/types/array.c:184:1:ucdr_deserialize_endian_array_int64_t	40	static
../Middleware/eProsima/Micro-CDR/types/array.c:185:1:ucdr_serialize_array_float	40	static
../Middleware/eProsima/Micro-CDR/types/array.c:185:1:ucdr_serialize_endian_array_float	40	static
../Middleware/eProsima/Micro-CDR/types/array.c:185:1:ucdr_deserialize_array_float	40	static
../Middleware/eProsima/Micro-CDR/types/array.c:185:1:ucdr_deserialize_endian_array_float	40	static
../Middleware/eProsima/Micro-CDR/types/array.c:186:1:ucdr_serialize_array_double	40	static
../Middleware/eProsima/Micro-CDR/types/array.c:186:1:ucdr_serialize_endian_array_double	40	static
../Middleware/eProsima/Micro-CDR/types/array.c:186:1:ucdr_deserialize_array_double	40	static
../Middleware/eProsima/Micro-CDR/types/array.c:186:1:ucdr_deserialize_endian_array_double	40	static
