../Middleware/eProsima/Micro-CDR/types/sequence.c:26:13:ucdr_deserialize_sequence_header	24	static
../Middleware/eProsima/Micro-CDR/types/sequence.c:81:1:ucdr_serialize_sequence_char	24	static
../Middleware/eProsima/Micro-CDR/types/sequence.c:81:1:ucdr_serialize_endian_sequence_char	24	static
../Middleware/eProsima/Micro-CDR/types/sequence.c:81:1:ucdr_deserialize_sequence_char	24	static
../Middleware/eProsima/Micro-CDR/types/sequence.c:81:1:ucdr_deserialize_endian_sequence_char	24	static
../Middleware/eProsima/Micro-CDR/types/sequence.c:82:1:ucdr_serialize_sequence_bool	24	static
../Middleware/eProsima/Micro-CDR/types/sequence.c:82:1:ucdr_serialize_endian_sequence_bool	24	static
../Middleware/eProsima/Micro-CDR/types/sequence.c:82:1:ucdr_deserialize_sequence_bool	24	static
../Middleware/eProsima/Micro-CDR/types/sequence.c:82:1:ucdr_deserialize_endian_sequence_bool	24	static
../Middleware/eProsima/Micro-CDR/types/sequence.c:83:1:ucdr_serialize_sequence_uint8_t	24	static
../Middleware/eProsima/Micro-CDR/types/sequence.c:83:1:ucdr_serialize_endian_sequence_uint8_t	24	static
../Middleware/eProsima/Micro-CDR/types/sequence.c:83:1:ucdr_deserialize_sequence_uint8_t	24	static
../Middleware/eProsima/Micro-CDR/types/sequence.c:83:1:ucdr_deserialize_endian_sequence_uint8_t	24	static
../Middleware/eProsima/Micro-CDR/types/sequence.c:84:1:ucdr_serialize_sequence_uint16_t	24	static
../Middleware/eProsima/Micro-CDR/types/sequence.c:84:1:ucdr_serialize_endian_sequence_uint16_t	24	static
../Middleware/eProsima/Micro-CDR/types/sequence.c:84:1:ucdr_deserialize_sequence_uint16_t	24	static
../Middleware/eProsima/Micro-CDR/types/sequence.c:84:1:ucdr_deserialize_endian_sequence_uint16_t	24	static
../Middleware/eProsima/Micro-CDR/types/sequence.c:85:1:ucdr_serialize_sequence_uint32_t	24	static
../Middleware/eProsima/Micro-CDR/types/sequence.c:85:1:ucdr_serialize_endian_sequence_uint32_t	24	static
../Middleware/eProsima/Micro-CDR/types/sequence.c:85:1:ucdr_deserialize_sequence_uint32_t	24	static
../Middleware/eProsima/Micro-CDR/types/sequence.c:85:1:ucdr_deserialize_endian_sequence_uint32_t	24	static
../Middleware/eProsima/Micro-CDR/types/sequence.c:86:1:ucdr_serialize_sequence_uint64_t	24	static
../Middleware/eProsima/Micro-CDR/types/sequence.c:86:1:ucdr_serialize_endian_sequence_uint64_t	24	static
../Middleware/eProsima/Micro-CDR/types/sequence.c:86:1:ucdr_deserialize_sequence_uint64_t	24	static
../Middleware/eProsima/Micro-CDR/types/sequence.c:86:1:ucdr_deserialize_endian_sequence_uint64_t	24	static
../Middleware/eProsima/Micro-CDR/types/sequence.c:87:1:ucdr_serialize_sequence_int8_t	24	static
../Middleware/eProsima/Micro-CDR/types/sequence.c:87:1:ucdr_serialize_endian_sequence_int8_t	24	static
../Middleware/eProsima/Micro-CDR/types/sequence.c:87:1:ucdr_deserialize_sequence_int8_t	24	static
../Middleware/eProsima/Micro-CDR/types/sequence.c:87:1:ucdr_deserialize_endian_sequence_int8_t	24	static
../Middleware/eProsima/Micro-CDR/types/sequence.c:88:1:ucdr_serialize_sequence_int16_t	24	static
../Middleware/eProsima/Micro-CDR/types/sequence.c:88:1:ucdr_serialize_endian_sequence_int16_t	24	static
../Middleware/eProsima/Micro-CDR/types/sequence.c:88:1:ucdr_deserialize_sequence_int16_t	24	static
../Middleware/eProsima/Micro-CDR/types/sequence.c:88:1:ucdr_deserialize_endian_sequence_int16_t	24	static
../Middleware/eProsima/Micro-CDR/types/sequence.c:89:1:ucdr_serialize_sequence_int32_t	24	static
../Middleware/eProsima/Micro-CDR/types/sequence.c:89:1:ucdr_serialize_endian_sequence_int32_t	24	static
../Middleware/eProsima/Micro-CDR/types/sequence.c:89:1:ucdr_deserialize_sequence_int32_t	24	static
../Middleware/eProsima/Micro-CDR/types/sequence.c:89:1:ucdr_deserialize_endian_sequence_int32_t	24	static
../Middleware/eProsima/Micro-CDR/types/sequence.c:90:1:ucdr_serialize_sequence_int64_t	24	static
../Middleware/eProsima/Micro-CDR/types/sequence.c:90:1:ucdr_serialize_endian_sequence_int64_t	24	static
../Middleware/eProsima/Micro-CDR/types/sequence.c:90:1:ucdr_deserialize_sequence_int64_t	24	static
../Middleware/eProsima/Micro-CDR/types/sequence.c:90:1:ucdr_deserialize_endian_sequence_int64_t	24	static
../Middleware/eProsima/Micro-CDR/types/sequence.c:91:1:ucdr_serialize_sequence_float	24	static
../Middleware/eProsima/Micro-CDR/types/sequence.c:91:1:ucdr_serialize_endian_sequence_float	24	static
../Middleware/eProsima/Micro-CDR/types/sequence.c:91:1:ucdr_deserialize_sequence_float	24	static
../Middleware/eProsima/Micro-CDR/types/sequence.c:91:1:ucdr_deserialize_endian_sequence_float	24	static
../Middleware/eProsima/Micro-CDR/types/sequence.c:92:1:ucdr_serialize_sequence_double	24	static
../Middleware/eProsima/Micro-CDR/types/sequence.c:92:1:ucdr_serialize_endian_sequence_double	24	static
../Middleware/eProsima/Micro-CDR/types/sequence.c:92:1:ucdr_deserialize_sequence_double	24	static
../Middleware/eProsima/Micro-CDR/types/sequence.c:92:1:ucdr_deserialize_endian_sequence_double	24	static
