xrce_types.c:7:6:uxr_serialize_Time_t	24	static
xrce_types.c:17:6:uxr_deserialize_Time_t	24	static
xrce_types.c:27:6:uxr_serialize_BinarySequence_t	16	static
xrce_types.c:34:6:uxr_deserialize_BinarySequence_t	16	static
xrce_types.c:41:6:uxr_serialize_StringSequence_t	24	static
xrce_types.c:53:6:uxr_deserialize_StringSequence_t	24	static
xrce_types.c:73:6:uxr_serialize_ClientKey	24	static
xrce_types.c:82:6:uxr_deserialize_ClientKey	24	static
xrce_types.c:91:6:uxr_serialize_ObjectId	24	static
xrce_types.c:100:6:uxr_deserialize_ObjectId	24	static
xrce_types.c:109:6:uxr_serialize_ObjectPrefix	24	static
xrce_types.c:118:6:uxr_deserialize_ObjectPrefix	24	static
xrce_types.c:127:6:uxr_serialize_XrceCookie	24	static
xrce_types.c:136:6:uxr_deserialize_XrceCookie	24	static
xrce_types.c:145:6:uxr_serialize_XrceVersion	24	static
xrce_types.c:154:6:uxr_deserialize_XrceVersion	24	static
xrce_types.c:163:6:uxr_serialize_XrceVendorId	24	static
xrce_types.c:172:6:uxr_deserialize_XrceVendorId	24	static
xrce_types.c:181:6:uxr_serialize_TransportLocatorSmall	24	static
xrce_types.c:191:6:uxr_deserialize_TransportLocatorSmall	24	static
xrce_types.c:201:6:uxr_serialize_TransportLocatorMedium	24	static
xrce_types.c:211:6:uxr_deserialize_TransportLocatorMedium	24	static
xrce_types.c:221:6:uxr_serialize_TransportLocatorLarge	24	static
xrce_types.c:231:6:uxr_deserialize_TransportLocatorLarge	24	static
xrce_types.c:241:6:uxr_serialize_TransportLocatorString	24	static
xrce_types.c:250:6:uxr_deserialize_TransportLocatorString	24	static
xrce_types.c:259:6:uxr_serialize_TransportLocator	24	static
xrce_types.c:288:6:uxr_deserialize_TransportLocator	24	static
xrce_types.c:317:6:uxr_serialize_TransportLocatorSeq	24	static
xrce_types.c:329:6:uxr_deserialize_TransportLocatorSeq	24	static
xrce_types.c:349:6:uxr_serialize_Property	24	static
xrce_types.c:359:6:uxr_deserialize_Property	24	static
xrce_types.c:369:6:uxr_serialize_PropertySeq	24	static
xrce_types.c:381:6:uxr_deserialize_PropertySeq	24	static
xrce_types.c:402:6:uxr_serialize_CLIENT_Representation	24	static
xrce_types.c:422:6:uxr_deserialize_CLIENT_Representation	24	static
xrce_types.c:442:6:uxr_serialize_AGENT_Representation	24	static
xrce_types.c:459:6:uxr_deserialize_AGENT_Representation	24	static
xrce_types.c:477:6:uxr_serialize_OBJK_Representation3Formats	24	static
xrce_types.c:503:6:uxr_deserialize_OBJK_Representation3Formats	24	static
xrce_types.c:529:6:uxr_serialize_OBJK_RepresentationRefAndXMLFormats	24	static
xrce_types.c:552:6:uxr_deserialize_OBJK_RepresentationRefAndXMLFormats	24	static
xrce_types.c:575:6:uxr_serialize_OBJK_RepresentationBinAndXMLFormats	24	static
xrce_types.c:598:6:uxr_deserialize_OBJK_RepresentationBinAndXMLFormats	24	static
xrce_types.c:621:6:uxr_serialize_OBJK_RepresentationRefAndXML_Base	24	static
xrce_types.c:630:6:uxr_deserialize_OBJK_RepresentationRefAndXML_Base	24	static
xrce_types.c:639:6:uxr_serialize_OBJK_RepresentationBinAndXML_Base	24	static
xrce_types.c:648:6:uxr_deserialize_OBJK_RepresentationBinAndXML_Base	24	static
xrce_types.c:657:6:uxr_serialize_OBJK_Representation3_Base	24	static
xrce_types.c:666:6:uxr_deserialize_OBJK_Representation3_Base	24	static
xrce_types.c:675:6:uxr_serialize_OBJK_QOSPROFILE_Representation	24	static
xrce_types.c:684:6:uxr_deserialize_OBJK_QOSPROFILE_Representation	24	static
xrce_types.c:693:6:uxr_serialize_OBJK_TYPE_Representation	24	static
xrce_types.c:702:6:uxr_deserialize_OBJK_TYPE_Representation	24	static
xrce_types.c:711:6:uxr_serialize_OBJK_DOMAIN_Representation	24	static
xrce_types.c:720:6:uxr_deserialize_OBJK_DOMAIN_Representation	24	static
xrce_types.c:729:6:uxr_serialize_OBJK_APPLICATION_Representation	24	static
xrce_types.c:738:6:uxr_deserialize_OBJK_APPLICATION_Representation	24	static
xrce_types.c:747:6:uxr_serialize_OBJK_PUBLISHER_Representation	24	static
xrce_types.c:757:6:uxr_deserialize_OBJK_PUBLISHER_Representation	24	static
xrce_types.c:767:6:uxr_serialize_OBJK_SUBSCRIBER_Representation	24	static
xrce_types.c:777:6:uxr_deserialize_OBJK_SUBSCRIBER_Representation	24	static
xrce_types.c:787:6:uxr_serialize_DATAWRITER_Representation	24	static
xrce_types.c:797:6:uxr_deserialize_DATAWRITER_Representation	24	static
xrce_types.c:807:6:uxr_serialize_DATAREADER_Representation	24	static
xrce_types.c:817:6:uxr_deserialize_DATAREADER_Representation	24	static
xrce_types.c:827:6:uxr_serialize_OBJK_PARTICIPANT_Representation	24	static
xrce_types.c:837:6:uxr_deserialize_OBJK_PARTICIPANT_Representation	24	static
xrce_types.c:847:6:uxr_serialize_OBJK_TOPIC_Representation	24	static
xrce_types.c:857:6:uxr_deserialize_OBJK_TOPIC_Representation	24	static
xrce_types.c:867:6:uxr_serialize_OBJK_REQUESTER_Representation	24	static
xrce_types.c:877:6:uxr_deserialize_OBJK_REQUESTER_Representation	24	static
xrce_types.c:887:6:uxr_serialize_OBJK_REPLIER_Representation	24	static
xrce_types.c:897:6:uxr_deserialize_OBJK_REPLIER_Representation	24	static
xrce_types.c:907:6:uxr_serialize_OBJK_DomainParticipant_Binary	24	static
xrce_types.c:927:6:uxr_deserialize_OBJK_DomainParticipant_Binary	24	static
xrce_types.c:947:6:uxr_serialize_OBJK_Topic_Binary	24	static
xrce_types.c:968:6:uxr_deserialize_OBJK_Topic_Binary	24	static
xrce_types.c:989:6:uxr_serialize_OBJK_Publisher_Binary_Qos	24	static
xrce_types.c:1009:6:uxr_deserialize_OBJK_Publisher_Binary_Qos	24	static
xrce_types.c:1029:6:uxr_serialize_OBJK_Publisher_Binary	24	static
xrce_types.c:1049:6:uxr_deserialize_OBJK_Publisher_Binary	24	static
xrce_types.c:1069:6:uxr_serialize_OBJK_Subscriber_Binary_Qos	24	static
xrce_types.c:1089:6:uxr_deserialize_OBJK_Subscriber_Binary_Qos	24	static
xrce_types.c:1109:6:uxr_serialize_OBJK_Subscriber_Binary	24	static
xrce_types.c:1129:6:uxr_deserialize_OBJK_Subscriber_Binary	24	static
xrce_types.c:1149:6:uxr_serialize_OBJK_Endpoint_QosBinary	24	static
xrce_types.c:1182:6:uxr_deserialize_OBJK_Endpoint_QosBinary	24	static
xrce_types.c:1215:6:uxr_serialize_OBJK_DataWriter_Binary_Qos	24	static
xrce_types.c:1230:6:uxr_deserialize_OBJK_DataWriter_Binary_Qos	24	static
xrce_types.c:1245:6:uxr_serialize_OBJK_DataReader_Binary_Qos	24	static
xrce_types.c:1266:6:uxr_deserialize_OBJK_DataReader_Binary_Qos	24	static
xrce_types.c:1287:6:uxr_serialize_OBJK_DataReader_Binary	24	static
xrce_types.c:1302:6:uxr_deserialize_OBJK_DataReader_Binary	24	static
xrce_types.c:1317:6:uxr_serialize_OBJK_DataWriter_Binary	24	static
xrce_types.c:1332:6:uxr_deserialize_OBJK_DataWriter_Binary	24	static
xrce_types.c:1347:6:uxr_serialize_OBJK_Requester_Binary	24	static
xrce_types.c:1369:6:uxr_deserialize_OBJK_Requester_Binary	24	static
xrce_types.c:1391:6:uxr_serialize_OBJK_Replier_Binary	24	static
xrce_types.c:1413:6:uxr_deserialize_OBJK_Replier_Binary	24	static
xrce_types.c:1435:6:uxr_serialize_ObjectVariant	24	static
xrce_types.c:1491:6:uxr_deserialize_ObjectVariant	24	static
xrce_types.c:1547:6:uxr_serialize_CreationMode	24	static
xrce_types.c:1557:6:uxr_deserialize_CreationMode	24	static
xrce_types.c:1567:6:uxr_serialize_RequestId	24	static
xrce_types.c:1576:6:uxr_deserialize_RequestId	24	static
xrce_types.c:1585:6:uxr_serialize_ResultStatus	24	static
xrce_types.c:1595:6:uxr_deserialize_ResultStatus	24	static
xrce_types.c:1605:6:uxr_serialize_BaseObjectRequest	24	static
xrce_types.c:1615:6:uxr_deserialize_BaseObjectRequest	24	static
xrce_types.c:1625:6:uxr_serialize_AGENT_ActivityInfo	24	static
xrce_types.c:1635:6:uxr_deserialize_AGENT_ActivityInfo	24	static
xrce_types.c:1645:6:uxr_serialize_DATAREADER_ActivityInfo	24	static
xrce_types.c:1654:6:uxr_deserialize_DATAREADER_ActivityInfo	24	static
xrce_types.c:1663:6:uxr_serialize_DATAWRITER_ActivityInfo	24	static
xrce_types.c:1673:6:uxr_deserialize_DATAWRITER_ActivityInfo	24	static
xrce_types.c:1683:6:uxr_serialize_ActivityInfoVariant	24	static
xrce_types.c:1709:6:uxr_deserialize_ActivityInfoVariant	24	static
xrce_types.c:1735:6:uxr_serialize_ObjectInfo	24	static
xrce_types.c:1755:6:uxr_deserialize_ObjectInfo	24	static
xrce_types.c:1775:6:uxr_serialize_BaseObjectReply	24	static
xrce_types.c:1785:6:uxr_deserialize_BaseObjectReply	24	static
xrce_types.c:1795:6:uxr_serialize_DataDeliveryControl	24	static
xrce_types.c:1807:6:uxr_deserialize_DataDeliveryControl	24	static
xrce_types.c:1819:6:uxr_serialize_ReadSpecification	24	static
xrce_types.c:1841:6:uxr_deserialize_ReadSpecification	24	static
xrce_types.c:1863:6:uxr_serialize_SeqNumberAndTimestamp	24	static
xrce_types.c:1873:6:uxr_deserialize_SeqNumberAndTimestamp	24	static
xrce_types.c:1883:6:uxr_serialize_SampleInfoDetail	24	static
xrce_types.c:1909:6:uxr_deserialize_SampleInfoDetail	24	static
xrce_types.c:1935:6:uxr_serialize_SampleInfo	24	static
xrce_types.c:1945:6:uxr_deserialize_SampleInfo	24	static
xrce_types.c:1955:6:uxr_serialize_SampleInfoDelta	24	static
xrce_types.c:1966:6:uxr_deserialize_SampleInfoDelta	24	static
xrce_types.c:1977:6:uxr_serialize_SampleData	16	static
xrce_types.c:1984:6:uxr_deserialize_SampleData	16	static
xrce_types.c:1991:6:uxr_serialize_SampleDataSeq	24	static
xrce_types.c:2003:6:uxr_deserialize_SampleDataSeq	24	static
xrce_types.c:2023:6:uxr_serialize_Sample	24	static
xrce_types.c:2033:6:uxr_deserialize_Sample	24	static
xrce_types.c:2043:6:uxr_serialize_SampleSeq	24	static
xrce_types.c:2055:6:uxr_deserialize_SampleSeq	24	static
xrce_types.c:2075:6:uxr_serialize_SampleDelta	24	static
xrce_types.c:2085:6:uxr_deserialize_SampleDelta	24	static
xrce_types.c:2095:6:uxr_serialize_SampleDeltaSequence	24	static
xrce_types.c:2107:6:uxr_deserialize_SampleDeltaSequence	24	static
xrce_types.c:2127:6:uxr_serialize_PackedSamples	24	static
xrce_types.c:2137:6:uxr_deserialize_PackedSamples	24	static
xrce_types.c:2147:6:uxr_serialize_SamplePackedSeq	24	static
xrce_types.c:2159:6:uxr_deserialize_SamplePackedSeq	24	static
xrce_types.c:2179:6:uxr_serialize_DataRepresentation	24	static
xrce_types.c:2211:6:uxr_deserialize_DataRepresentation	24	static
xrce_types.c:2243:6:uxr_serialize_CREATE_CLIENT_Payload	24	static
xrce_types.c:2252:6:uxr_deserialize_CREATE_CLIENT_Payload	24	static
xrce_types.c:2261:6:uxr_serialize_CREATE_Payload	24	static
xrce_types.c:2271:6:uxr_deserialize_CREATE_Payload	24	static
xrce_types.c:2281:6:uxr_serialize_GET_INFO_Payload	24	static
xrce_types.c:2291:6:uxr_deserialize_GET_INFO_Payload	24	static
xrce_types.c:2301:6:uxr_serialize_DELETE_Payload	24	static
xrce_types.c:2310:6:uxr_deserialize_DELETE_Payload	24	static
xrce_types.c:2319:6:uxr_serialize_STATUS_AGENT_Payload	24	static
xrce_types.c:2329:6:uxr_deserialize_STATUS_AGENT_Payload	24	static
xrce_types.c:2339:6:uxr_serialize_STATUS_Payload	24	static
xrce_types.c:2348:6:uxr_deserialize_STATUS_Payload	24	static
xrce_types.c:2357:6:uxr_serialize_INFO_Payload	24	static
xrce_types.c:2367:6:uxr_deserialize_INFO_Payload	24	static
xrce_types.c:2377:6:uxr_serialize_READ_DATA_Payload	24	static
xrce_types.c:2387:6:uxr_deserialize_READ_DATA_Payload	24	static
xrce_types.c:2397:6:uxr_serialize_WRITE_DATA_Payload_Data	24	static
xrce_types.c:2406:6:uxr_deserialize_WRITE_DATA_Payload_Data	24	static
xrce_types.c:2415:6:uxr_serialize_WRITE_DATA_Payload_Sample	24	static
xrce_types.c:2425:6:uxr_deserialize_WRITE_DATA_Payload_Sample	24	static
xrce_types.c:2435:6:uxr_serialize_WRITE_DATA_Payload_DataSeq	24	static
xrce_types.c:2445:6:uxr_deserialize_WRITE_DATA_Payload_DataSeq	24	static
xrce_types.c:2455:6:uxr_serialize_WRITE_DATA_Payload_SampleSeq	24	static
xrce_types.c:2465:6:uxr_deserialize_WRITE_DATA_Payload_SampleSeq	24	static
xrce_types.c:2475:6:uxr_serialize_WRITE_DATA_Payload_PackedSamples	24	static
xrce_types.c:2485:6:uxr_deserialize_WRITE_DATA_Payload_PackedSamples	24	static
xrce_types.c:2495:6:uxr_serialize_DATA_Payload_Data	24	static
xrce_types.c:2504:6:uxr_deserialize_DATA_Payload_Data	24	static
xrce_types.c:2513:6:uxr_serialize_DATA_Payload_Sample	24	static
xrce_types.c:2523:6:uxr_deserialize_DATA_Payload_Sample	24	static
xrce_types.c:2533:6:uxr_serialize_DATA_Payload_DataSeq	24	static
xrce_types.c:2543:6:uxr_deserialize_DATA_Payload_DataSeq	24	static
xrce_types.c:2553:6:uxr_serialize_DATA_Payload_SampleSeq	24	static
xrce_types.c:2563:6:uxr_deserialize_DATA_Payload_SampleSeq	24	static
xrce_types.c:2573:6:uxr_serialize_DATA_Payload_PackedSamples	24	static
xrce_types.c:2583:6:uxr_deserialize_DATA_Payload_PackedSamples	24	static
xrce_types.c:2593:6:uxr_serialize_ACKNACK_Payload	24	static
xrce_types.c:2604:6:uxr_deserialize_ACKNACK_Payload	24	static
xrce_types.c:2615:6:uxr_serialize_HEARTBEAT_Payload	24	static
xrce_types.c:2626:6:uxr_deserialize_HEARTBEAT_Payload	24	static
xrce_types.c:2637:6:uxr_serialize_TIMESTAMP_Payload	24	static
xrce_types.c:2646:6:uxr_deserialize_TIMESTAMP_Payload	24	static
xrce_types.c:2655:6:uxr_serialize_TIMESTAMP_REPLY_Payload	24	static
xrce_types.c:2666:6:uxr_deserialize_TIMESTAMP_REPLY_Payload	24	static
xrce_types.c:2677:6:uxr_serialize_GuidPrefix_t	24	static
xrce_types.c:2686:6:uxr_deserialize_GuidPrefix_t	24	static
xrce_types.c:2695:6:uxr_serialize_EntityId_t	24	static
xrce_types.c:2705:6:uxr_deserialize_EntityId_t	24	static
xrce_types.c:2715:6:uxr_serialize_GUID_t	24	static
xrce_types.c:2725:6:uxr_deserialize_GUID_t	24	static
xrce_types.c:2735:6:uxr_serialize_SequenceNumber_t	24	static
xrce_types.c:2745:6:uxr_deserialize_SequenceNumber_t	24	static
xrce_types.c:2755:6:uxr_serialize_SampleIdentity	24	static
xrce_types.c:2765:6:uxr_deserialize_SampleIdentity	24	static
