../Middleware/rmw/allocators.c:25:1:rmw_allocate	40	static
../Middleware/rmw/allocators.c:37:1:rmw_free	40	static
../Middleware/rmw/allocators.c:45:1:rmw_node_allocate	8	static
../Middleware/rmw/allocators.c:52:1:rmw_node_free	16	static
../Middleware/rmw/allocators.c:59:1:rmw_publisher_allocate	8	static
../Middleware/rmw/allocators.c:66:1:rmw_publisher_free	16	static
../Middleware/rmw/allocators.c:73:1:rmw_subscription_allocate	8	static
../Middleware/rmw/allocators.c:80:1:rmw_subscription_free	16	static
../Middleware/rmw/allocators.c:87:1:rmw_guard_condition_allocate	8	static
../Middleware/rmw/allocators.c:95:1:rmw_guard_condition_free	16	static
../Middleware/rmw/allocators.c:102:1:rmw_client_allocate	8	static
../Middleware/rmw/allocators.c:109:1:rmw_client_free	16	static
../Middleware/rmw/allocators.c:116:1:rmw_service_allocate	8	static
../Middleware/rmw/allocators.c:123:1:rmw_service_free	16	static
../Middleware/rmw/allocators.c:130:1:rmw_wait_set_allocate	8	static
../Middleware/rmw/allocators.c:137:1:rmw_wait_set_free	16	static
