../Middleware/rcl/arguments.c:77:1:rcl_arguments_get_param_files	40	static
../Middleware/rcl/arguments.c:107:1:rcl_arguments_get_param_files_count	16	static
../Middleware/rcl/arguments.c:117:1:rcl_arguments_get_param_overrides	16	static
../Middleware/rcl/arguments.c:236:1:rcl_parse_arguments	1104	static
../Middleware/rcl/arguments.c:658:1:rcl_arguments_get_count_unparsed	16	static
../Middleware/rcl/arguments.c:668:1:rcl_arguments_get_unparsed	24	static
../Middleware/rcl/arguments.c:693:1:rcl_arguments_get_count_unparsed_ros	16	static
../Middleware/rcl/arguments.c:703:1:rcl_arguments_get_unparsed_ros	24	static
../Middleware/rcl/arguments.c:728:1:rcl_get_zero_initialized_arguments	4	static
../Middleware/rcl/arguments.c:737:1:rcl_remove_ros_arguments	48	static
../Middleware/rcl/arguments.c:788:1:rcl_arguments_copy	80	static
../Middleware/rcl/arguments.c:908:1:rcl_arguments_fini	32	static
../Middleware/rcl/arguments.c:973:1:_rcl_parse_remap_fully_qualified_namespace	24	static
../Middleware/rcl/arguments.c:1009:1:_rcl_parse_remap_replacement_token	24	static
../Middleware/rcl/arguments.c:1044:1:_rcl_parse_remap_replacement_name	64	static
../Middleware/rcl/arguments.c:1116:1:_rcl_parse_resource_match_token	24	static
../Middleware/rcl/arguments.c:1151:1:_rcl_parse_resource_match	64	static
../Middleware/rcl/arguments.c:1227:1:_rcl_parse_param_name	64	static
../Middleware/rcl/arguments.c:1290:1:_rcl_parse_remap_match_name	48	static
../Middleware/rcl/arguments.c:1333:1:_rcl_parse_remap_name_remap	24	static
../Middleware/rcl/arguments.c:1368:1:_rcl_parse_remap_namespace_replacement	56	static
../Middleware/rcl/arguments.c:1431:1:_rcl_parse_remap_nodename_replacement	72	static
../Middleware/rcl/arguments.c:1478:1:_rcl_parse_nodename_prefix	64	static
../Middleware/rcl/arguments.c:1520:1:_rcl_parse_remap_nodename_prefix	48	static
../Middleware/rcl/arguments.c:1547:1:_rcl_parse_remap_begin_remap_rule	24	static
../Middleware/rcl/arguments.c:1603:1:_rcl_parse_log_level	40	static
../Middleware/rcl/arguments.c:1620:1:_rcl_parse_remap_rule	56	static
../Middleware/rcl/arguments.c:1669:1:_rcl_parse_param_rule	64	static
../Middleware/rcl/arguments.c:1746:1:_rcl_parse_param_file	24	static
../Middleware/rcl/arguments.c:1770:1:_rcl_parse_external_log_config_file	24	static
../Middleware/rcl/arguments.c:1788:1:_rcl_parse_enclave	24	static
../Middleware/rcl/arguments.c:1805:1:_rcl_parse_disabling_flag	32	static
../Middleware/rcl/arguments.c:1840:1:_rcl_allocate_initialized_arguments_impl	32	static
