../Middleware/rcl/publisher.c:41:1:rcl_get_zero_initialized_publisher	4	static
../Middleware/rcl/publisher.c:48:1:rcl_publisher_init	128	static
../Middleware/rcl/publisher.c:241:1:rcl_publisher_fini	56	static
../Middleware/rcl/publisher.c:275:1:rcl_publisher_get_default_options	48	static
../Middleware/rcl/publisher.c:287:1:rcl_borrow_loaned_message	24	static
../Middleware/rcl/publisher.c:300:1:rcl_return_loaned_message_from_publisher	16	static
../Middleware/rcl/publisher.c:313:1:rcl_publish	24	static
../Middleware/rcl/publisher.c:333:1:rcl_publish_serialized_message	32	static
../Middleware/rcl/publisher.c:355:1:rcl_publish_loaned_message	32	static
../Middleware/rcl/publisher.c:373:1:rcl_publisher_assert_liveliness	16	static
../Middleware/rcl/publisher.c:386:1:rcl_publisher_get_topic_name	16	static
../Middleware/rcl/publisher.c:397:1:rcl_publisher_get_options	16	static
../Middleware/rcl/publisher.c:406:1:rcl_publisher_get_rmw_handle	16	static
../Middleware/rcl/publisher.c:415:1:rcl_publisher_get_context	16	static
../Middleware/rcl/publisher.c:424:1:rcl_publisher_is_valid	16	static
../Middleware/rcl/publisher.c:439:1:rcl_publisher_is_valid_except_context	16	static
../Middleware/rcl/publisher.c:450:1:rcl_publisher_get_subscription_count	24	static
../Middleware/rcl/publisher.c:470:1:rcl_publisher_get_actual_qos	16	static
../Middleware/rcl/publisher.c:479:1:rcl_publisher_can_loan_messages	16	static
