/Users/liusongran/MyProject/STM32_uROS/Middleware/include/rcutils/stdatomic_helper.h:88:1:rcutils_atomic_load_bool	24	static
/Users/liusongran/MyProject/STM32_uROS/Middleware/include/rcutils/stdatomic_helper.h:96:1:rcutils_atomic_load_int64_t	24	static
/Users/liusongran/MyProject/STM32_uROS/Middleware/include/rcutils/stdatomic_helper.h:104:1:rcutils_atomic_load_uint64_t	24	static
/Users/liusongran/MyProject/STM32_uROS/Middleware/include/rcutils/stdatomic_helper.h:112:1:rcutils_atomic_load_uintptr_t	24	static
/Users/liusongran/MyProject/STM32_uROS/Middleware/include/rcutils/stdatomic_helper.h:145:1:rcutils_atomic_exchange_int64_t	40	static
/Users/liusongran/MyProject/STM32_uROS/Middleware/include/rcutils/stdatomic_helper.h:153:1:rcutils_atomic_exchange_uint64_t	40	static
/Users/liusongran/MyProject/STM32_uROS/Middleware/include/rcutils/stdatomic_helper.h:161:1:rcutils_atomic_exchange_uintptr_t	24	static
../Middleware/rcl/timer.c:56:1:rcl_get_zero_initialized_timer	4	static
../Middleware/rcl/timer.c:62:6:_rcl_timer_time_jump	144	static
../Middleware/rcl/timer.c:127:1:rcl_timer_init	216	static
../Middleware/rcl/timer.c:204:1:rcl_timer_fini	56	static
../Middleware/rcl/timer.c:230:1:rcl_timer_clock	16	static
../Middleware/rcl/timer.c:240:1:rcl_timer_call	152	static
../Middleware/rcl/timer.c:291:1:rcl_timer_is_ready	32	static
../Middleware/rcl/timer.c:305:1:rcl_timer_get_time_until_next_call	40	static
../Middleware/rcl/timer.c:320:1:rcl_timer_get_time_since_last_call	48	static
../Middleware/rcl/timer.c:337:1:rcl_timer_get_period	16	static
../Middleware/rcl/timer.c:346:1:rcl_timer_exchange_period	24	static
../Middleware/rcl/timer.c:360:1:rcl_timer_get_callback	16	static
../Middleware/rcl/timer.c:368:1:rcl_timer_exchange_callback	16	static
../Middleware/rcl/timer.c:378:1:rcl_timer_cancel	16	static
../Middleware/rcl/timer.c:391:1:rcl_timer_is_canceled	16	static
../Middleware/rcl/timer.c:400:1:rcl_timer_reset	72	static
../Middleware/rcl/timer.c:423:1:rcl_timer_get_allocator	16	static
../Middleware/rcl/timer.c:431:1:rcl_timer_get_guard_condition	16	static
