error_handling_helpers.h:51:1:__rcutils_copy_string	32	static
error_handling_helpers.h:91:1:__rcutils_reverse_str	32	static
error_handling_helpers.h:109:1:__rcutils_convert_uint64_t_into_c_str	32	static
error_handling_helpers.h:139:1:__rcutils_format_error_string	56	static
error_handling.c:45:1:rcutils_initialize_error_handling_thread_local_storage	1032	static
error_handling.c:80:1:__same_string	24	static
error_handling.c:89:1:__format_overwriting_error_state_message	2136	static
error_handling.c:171:1:rcutils_set_error_state	6160	static
error_handling.c:225:1:rcutils_error_is_set	8	static
error_handling.c:231:1:rcutils_get_error_state	8	static
error_handling.c:237:1:rcutils_get_error_string	1048	static
error_handling.c:250:1:rcutils_reset_error	2040	static
