string_map.c:42:1:rcutils_get_zero_initialized_string_map	4	static
string_map.c:50:1:rcutils_string_map_init	32	static
string_map.c:83:1:rcutils_string_map_fini	48	static
string_map.c:108:1:rcutils_string_map_get_capacity	16	static
string_map.c:121:1:rcutils_string_map_get_size	16	static
string_map.c:134:1:rcutils_string_map_reserve	56	static
string_map.c:199:1:__remove_key_and_value_at_index	48	static
string_map.c:210:1:rcutils_string_map_clear	24	static
string_map.c:225:1:rcutils_string_map_set	32	static
string_map.c:250:1:__get_index_of_key_if_exists	32	static
string_map.c:274:1:rcutils_string_map_set_no_resize	80	static
string_map.c:331:1:rcutils_string_map_unset	32	static
string_map.c:347:1:rcutils_string_map_key_exists	16	static
string_map.c:356:1:rcutils_string_map_key_existsn	32	static
string_map.c:370:1:rcutils_string_map_get	16	static
string_map.c:379:1:rcutils_string_map_getn	32	static
string_map.c:395:1:rcutils_string_map_get_next_key	32	static
string_map.c:435:1:rcutils_string_map_copy	32	static
