../Middleware/rcutils/hash_map.c:56:8:rcutils_hash_map_string_hash_func	32	static
../Middleware/rcutils/hash_map.c:70:5:rcutils_hash_map_string_cmp_func	24	static
../Middleware/rcutils/hash_map.c:78:1:rcutils_get_zero_initialized_hash_map	4	static
../Middleware/rcutils/hash_map.c:85:22:hash_map_allocate_new_map	40	static
../Middleware/rcutils/hash_map.c:104:13:hash_map_deallocate_entry	16	static
../Middleware/rcutils/hash_map.c:116:22:hash_map_deallocate_map	48	static
../Middleware/rcutils/hash_map.c:154:22:hash_map_insert_entry	32	static
../Middleware/rcutils/hash_map.c:177:22:hash_map_check_and_grow_map	64	static
../Middleware/rcutils/hash_map.c:234:1:rcutils_hash_map_init	40	static
../Middleware/rcutils/hash_map.c:286:1:rcutils_hash_map_fini	24	static
../Middleware/rcutils/hash_map.c:301:1:rcutils_hash_map_get_capacity	16	static
../Middleware/rcutils/hash_map.c:310:1:rcutils_hash_map_get_size	16	static
../Middleware/rcutils/hash_map.c:320:13:hash_map_find	40	static
../Middleware/rcutils/hash_map.c:360:1:rcutils_hash_map_set	72	static
../Middleware/rcutils/hash_map.c:418:1:rcutils_hash_map_unset	48	static
../Middleware/rcutils/hash_map.c:445:1:rcutils_hash_map_key_exists	48	static
../Middleware/rcutils/hash_map.c:466:1:rcutils_hash_map_get	56	static
../Middleware/rcutils/hash_map.c:487:1:rcutils_hash_map_get_next_key_and_data	72	static
