../Middleware/rcutils/logging.c:107:15:rcutils_logging_initialize	40	static
../Middleware/rcutils/logging.c:126:36:rcutils_get_env_var_zero_or_one	32	static
../Middleware/rcutils/logging.c:157:15:rcutils_logging_initialize_with_allocator	1096	static
../Middleware/rcutils/logging.c:298:15:rcutils_logging_shutdown	16	static
../Middleware/rcutils/logging.c:319:1:rcutils_logging_severity_level_from_string	48	static
../Middleware/rcutils/logging.c:355:34:rcutils_logging_get_output_handler	8	static
../Middleware/rcutils/logging.c:361:6:rcutils_logging_set_output_handler	16	static
../Middleware/rcutils/logging.c:369:5:rcutils_logging_get_default_logger_level	8	static
../Middleware/rcutils/logging.c:375:6:rcutils_logging_set_default_logger_level	16	static
../Middleware/rcutils/logging.c:387:5:rcutils_logging_get_logger_level	16	static
../Middleware/rcutils/logging.c:396:5:rcutils_logging_get_logger_leveln	56	static
../Middleware/rcutils/logging.c:435:5:rcutils_logging_get_logger_effective_level	32	static
../Middleware/rcutils/logging.c:468:15:rcutils_logging_set_logger_level	24	static
../Middleware/rcutils/logging.c:509:6:rcutils_logging_logger_is_enabled_for	24	static
../Middleware/rcutils/logging.c:545:6:rcutils_log	68	static
../Middleware/rcutils/logging.c:586:14:expand_time	56	static
../Middleware/rcutils/logging.c:600:14:expand_time_as_seconds	16	static
../Middleware/rcutils/logging.c:607:14:expand_time_as_nanoseconds	16	static
../Middleware/rcutils/logging.c:614:14:expand_line_number	40	static
../Middleware/rcutils/logging.c:639:14:expand_severity	24	static
../Middleware/rcutils/logging.c:647:14:expand_name	16	static
../Middleware/rcutils/logging.c:655:14:expand_message	16	static
../Middleware/rcutils/logging.c:663:14:expand_function_name	16	static
../Middleware/rcutils/logging.c:673:14:expand_file_name	16	static
../Middleware/rcutils/logging.c:694:15:find_token_handler	24	static
../Middleware/rcutils/logging.c:705:15:rcutils_logging_format_message	2144	static
../Middleware/rcutils/logging.c:901:6:rcutils_logging_console_output_handler	2184	static
