shared_memory.c:78:6:uxr_prepend_to_list	16	static
shared_memory.c:86:34:uxr_pop_head_from_list	24	static
shared_memory.c:96:6:uxr_init_shared_memory	16	static
shared_memory.c:107:6:uxr_clean_shared_memory	8	static
shared_memory.c:113:6:uxr_shared_memory_entity_compare	24	static
shared_memory.c:129:9:uxr_shared_memory_get_entity_index	112	static
shared_memory.c:147:29:uxr_shared_memory_get_entity	112	static
shared_memory.c:165:6:uxr_prepare_shared_memory	48	static
shared_memory.c:200:6:uxr_handle_shared_memory	120	static
shared_memory.c:319:6:uxr_match_binary_entities	48	static
shared_memory.c:361:6:uxr_update_shared_memory_matching	16	static
shared_memory.c:396:6:uxr_add_shared_memory_entity_xml	24	static
shared_memory.c:417:6:uxr_add_shared_memory_entity_bin	56	static
