../Middleware/include/std_msgs/msg/detail/float32_multi_array__functions.c:19:1:std_msgs__msg__Float32MultiArray__init	16	static
../Middleware/include/std_msgs/msg/detail/float32_multi_array__functions.c:38:1:std_msgs__msg__Float32MultiArray__fini	16	static
../Middleware/include/std_msgs/msg/detail/float32_multi_array__functions.c:50:1:std_msgs__msg__Float32MultiArray__create	16	static
../Middleware/include/std_msgs/msg/detail/float32_multi_array__functions.c:66:1:std_msgs__msg__Float32MultiArray__destroy	16	static
../Middleware/include/std_msgs/msg/detail/float32_multi_array__functions.c:76:1:std_msgs__msg__Float32MultiArray__Sequence__init	32	static
../Middleware/include/std_msgs/msg/detail/float32_multi_array__functions.c:111:1:std_msgs__msg__Float32MultiArray__Sequence__fini	24	static
../Middleware/include/std_msgs/msg/detail/float32_multi_array__functions.c:135:1:std_msgs__msg__Float32MultiArray__Sequence__create	24	static
../Middleware/include/std_msgs/msg/detail/float32_multi_array__functions.c:150:1:std_msgs__msg__Float32MultiArray__Sequence__destroy	16	static
