../Middleware/include/std_msgs/msg/detail/float32_multi_array__type_support.c:28:6:Float32MultiArray__rosidl_typesupport_introspection_c__Float32MultiArray_init_function	16	static
../Middleware/include/std_msgs/msg/detail/float32_multi_array__type_support.c:37:6:Float32MultiArray__rosidl_typesupport_introspection_c__Float32MultiArray_fini_function	16	static
../Middleware/include/std_msgs/msg/detail/float32_multi_array__type_support.c:95:1:rosidl_typesupport_introspection_c__get_message_type_support_handle__std_msgs__msg__Float32MultiArray	8	static
