../Middleware/include/std_msgs/msg/detail/multi_array_layout__type_support.c:26:6:MultiArrayLayout__rosidl_typesupport_introspection_c__MultiArrayLayout_init_function	16	static
../Middleware/include/std_msgs/msg/detail/multi_array_layout__type_support.c:35:6:MultiArrayLayout__rosidl_typesupport_introspection_c__MultiArrayLayout_fini_function	16	static
../Middleware/include/std_msgs/msg/detail/multi_array_layout__type_support.c:40:8:MultiArrayLayout__rosidl_typesupport_introspection_c__size_function__MultiArrayDimension__dim	24	static
../Middleware/include/std_msgs/msg/detail/multi_array_layout__type_support.c:48:14:MultiArrayLayout__rosidl_typesupport_introspection_c__get_const_function__MultiArrayDimension__dim	24	static
../Middleware/include/std_msgs/msg/detail/multi_array_layout__type_support.c:56:8:MultiArrayLayout__rosidl_typesupport_introspection_c__get_function__MultiArrayDimension__dim	24	static
../Middleware/include/std_msgs/msg/detail/multi_array_layout__type_support.c:64:6:MultiArrayLayout__rosidl_typesupport_introspection_c__resize_function__MultiArrayDimension__dim	24	static
../Middleware/include/std_msgs/msg/detail/multi_array_layout__type_support.c:126:1:rosidl_typesupport_introspection_c__get_message_type_support_handle__std_msgs__msg__MultiArrayLayout	8	static
