../Middleware/include/rcl_interfaces/msg/detail/parameter__functions.c:19:1:rcl_interfaces__msg__Parameter__init	16	static
../Middleware/include/rcl_interfaces/msg/detail/parameter__functions.c:38:1:rcl_interfaces__msg__Parameter__fini	16	static
../Middleware/include/rcl_interfaces/msg/detail/parameter__functions.c:50:1:rcl_interfaces__msg__Parameter__create	16	static
../Middleware/include/rcl_interfaces/msg/detail/parameter__functions.c:66:1:rcl_interfaces__msg__Parameter__destroy	16	static
../Middleware/include/rcl_interfaces/msg/detail/parameter__functions.c:76:1:rcl_interfaces__msg__Parameter__Sequence__init	32	static
../Middleware/include/rcl_interfaces/msg/detail/parameter__functions.c:111:1:rcl_interfaces__msg__Parameter__Sequence__fini	24	static
../Middleware/include/rcl_interfaces/msg/detail/parameter__functions.c:135:1:rcl_interfaces__msg__Parameter__Sequence__create	24	static
../Middleware/include/rcl_interfaces/msg/detail/parameter__functions.c:150:1:rcl_interfaces__msg__Parameter__Sequence__destroy	16	static
