get_parameter_types__functions.c:16:1:rcl_interfaces__srv__GetParameterTypes_Request__init	16	static
get_parameter_types__functions.c:30:1:rcl_interfaces__srv__GetParameterTypes_Request__fini	16	static
get_parameter_types__functions.c:40:1:rcl_interfaces__srv__GetParameterTypes_Request__create	16	static
get_parameter_types__functions.c:56:1:rcl_interfaces__srv__GetParameterTypes_Request__destroy	16	static
get_parameter_types__functions.c:66:1:rcl_interfaces__srv__GetParameterTypes_Request__Sequence__init	32	static
get_parameter_types__functions.c:101:1:rcl_interfaces__srv__GetParameterTypes_Request__Sequence__fini	24	static
get_parameter_types__functions.c:125:1:rcl_interfaces__srv__GetParameterTypes_Request__Sequence__create	24	static
get_parameter_types__functions.c:140:1:rcl_interfaces__srv__GetParameterTypes_Request__Sequence__destroy	16	static
get_parameter_types__functions.c:154:1:rcl_interfaces__srv__GetParameterTypes_Response__init	16	static
get_parameter_types__functions.c:168:1:rcl_interfaces__srv__GetParameterTypes_Response__fini	16	static
get_parameter_types__functions.c:178:1:rcl_interfaces__srv__GetParameterTypes_Response__create	16	static
get_parameter_types__functions.c:194:1:rcl_interfaces__srv__GetParameterTypes_Response__destroy	16	static
get_parameter_types__functions.c:204:1:rcl_interfaces__srv__GetParameterTypes_Response__Sequence__init	32	static
get_parameter_types__functions.c:239:1:rcl_interfaces__srv__GetParameterTypes_Response__Sequence__fini	24	static
get_parameter_types__functions.c:263:1:rcl_interfaces__srv__GetParameterTypes_Response__Sequence__create	24	static
get_parameter_types__functions.c:278:1:rcl_interfaces__srv__GetParameterTypes_Response__Sequence__destroy	16	static
