stdatomic_helper.h:104:1:rcutils_atomic_load_uint64_t	24	static
time.c:36:1:rcl_get_steady_time	16	static
time.c:44:1:rcl_get_system_time	16	static
time.c:52:1:rcl_init_generic_clock	24	static
time.c:65:1:rcl_get_ros_time	24	static
time.c:76:1:rcl_clock_valid	16	static
time.c:88:1:rcl_clock_init	24	static
time.c:110:1:rcl_clock_generic_fini	16	static
time.c:122:1:rcl_clock_fini	16	static
time.c:143:1:rcl_ros_clock_init	24	static
time.c:166:1:rcl_ros_clock_fini	16	static
time.c:181:1:rcl_steady_clock_init	16	static
time.c:194:1:rcl_steady_clock_fini	16	static
time.c:207:1:rcl_system_clock_init	16	static
time.c:220:1:rcl_system_clock_fini	16	static
time.c:233:1:rcl_difference_times	48	static
time.c:253:1:rcl_clock_get_now	16	static
time.c:268:1:rcl_clock_call_callbacks	40	static
time.c:289:1:rcl_enable_ros_time_override	40	static
time.c:311:1:rcl_disable_ros_time_override	40	static
time.c:333:1:rcl_is_enabled_ros_time_override	24	static
time.c:351:1:rcl_set_ros_time_override	72	static
time.c:382:1:rcl_clock_add_jump_callback	40	static
time.c:426:1:rcl_clock_remove_jump_callback	48	static
