../Middleware/include/micro_ros_msgs/msg/detail/graph__type_support.c:26:6:Graph__rosidl_typesupport_introspection_c__Graph_init_function	16	static
../Middleware/include/micro_ros_msgs/msg/detail/graph__type_support.c:35:6:Graph__rosidl_typesupport_introspection_c__Graph_fini_function	16	static
../Middleware/include/micro_ros_msgs/msg/detail/graph__type_support.c:40:8:Graph__rosidl_typesupport_introspection_c__size_function__Node__nodes	24	static
../Middleware/include/micro_ros_msgs/msg/detail/graph__type_support.c:48:14:Graph__rosidl_typesupport_introspection_c__get_const_function__Node__nodes	24	static
../Middleware/include/micro_ros_msgs/msg/detail/graph__type_support.c:56:8:Graph__rosidl_typesupport_introspection_c__get_function__Node__nodes	24	static
../Middleware/include/micro_ros_msgs/msg/detail/graph__type_support.c:64:6:Graph__rosidl_typesupport_introspection_c__resize_function__Node__nodes	24	static
../Middleware/include/micro_ros_msgs/msg/detail/graph__type_support.c:111:1:rosidl_typesupport_introspection_c__get_message_type_support_handle__micro_ros_msgs__msg__Graph	8	static
