node__type_support.c:29:6:Node__rosidl_typesupport_introspection_c__Node_init_function	16	static
node__type_support.c:38:6:Node__rosidl_typesupport_introspection_c__Node_fini_function	16	static
node__type_support.c:43:8:Node__rosidl_typesupport_introspection_c__size_function__Entity__entities	24	static
node__type_support.c:51:14:Node__rosidl_typesupport_introspection_c__get_const_function__Entity__entities	24	static
node__type_support.c:59:8:Node__rosidl_typesupport_introspection_c__get_function__Entity__entities	24	static
node__type_support.c:67:6:Node__rosidl_typesupport_introspection_c__resize_function__Entity__entities	24	static
node__type_support.c:144:1:rosidl_typesupport_introspection_c__get_message_type_support_handle__micro_ros_msgs__msg__Node	8	static
