../Core/Src/main.c:92:5:__io_putchar	24	static
../Core/Src/main.c:101:5:_write	32	static
../Core/Src/main.c:114:5:main	8	static
../Core/Src/main.c:193:6:SystemClock_Config	184	static
../Core/Src/main.c:240:13:MX_USART3_UART_Init	8	static
../Core/Src/main.c:269:13:MX_USB_OTG_FS_PCD_Init	8	static
../Core/Src/main.c:298:13:MX_DMA_Init	16	static
../Core/Src/main.c:316:13:MX_GPIO_Init	56	static
../Core/Src/main.c:372:6:StartDefaultTask	592	static
../Core/Src/main.c:464:6:HAL_TIM_PeriodElapsedCallback	16	static
../Core/Src/main.c:480:6:Error_Handler	4	static
