executor.c:59:1:_rclc_executor_is_valid	16	static
executor.c:76:1:rclc_executor_get_zero_initialized_executor	16	static
executor.c:93:1:rclc_executor_init	168	static
executor.c:145:1:rclc_executor_set_timeout	32	static
executor.c:160:1:rclc_executor_set_semantics	24	static
executor.c:176:1:rclc_executor_fini	24	static
executor.c:202:1:rclc_executor_add_subscription	32	static
executor.c:250:1:rclc_executor_add_subscription_with_context	32	static
executor.c:298:1:rclc_executor_add_timer	24	static
executor.c:339:1:rclc_executor_add_client	32	static
executor.c:385:1:rclc_executor_add_client_with_request_id	32	static
executor.c:431:1:rclc_executor_add_service	32	static
executor.c:481:1:rclc_executor_add_service_with_context	32	static
executor.c:532:1:rclc_executor_add_service_with_request_id	32	static
executor.c:582:1:rclc_executor_add_guard_condition	32	static
executor.c:626:1:_rclc_executor_remove_handle	32	static
executor.c:674:1:_rclc_executor_find_handle	24	static
executor.c:691:1:rclc_executor_remove_subscription	24	static
executor.c:711:1:rclc_executor_remove_timer	24	static
executor.c:731:1:rclc_executor_remove_client	24	static
executor.c:751:1:rclc_executor_remove_service	24	static
executor.c:772:1:rclc_executor_remove_guard_condition	24	static
executor.c:793:1:_rclc_check_for_new_data	24	static
executor.c:839:1:_rclc_take_new_data	72	static
executor.c:935:1:_rclc_execute	24	static
executor.c:1056:1:_rclc_default_scheduling	32	static
executor.c:1091:1:_rclc_let_scheduling	32	static
executor.c:1138:1:rclc_executor_prepare	160	static
executor.c:1175:1:rclc_executor_spin_some	32	static
executor.c:1316:1:rclc_executor_spin	24	static
executor.c:1343:1:rclc_executor_spin_one_period	72	static
executor.c:1370:1:rclc_executor_spin_period	32	static
executor.c:1386:1:rclc_executor_set_trigger	24	static
executor.c:1397:6:rclc_executor_trigger_all	32	static
executor.c:1415:6:rclc_executor_trigger_any	32	static
executor.c:1433:6:rclc_executor_trigger_one	32	static
executor.c:1457:6:rclc_executor_trigger_always	24	static
