common.c:28:6:ucdr_check_buffer_available_for	16	static
common.c:35:6:ucdr_check_final_buffer_behavior	16	static
common.c:49:8:ucdr_next_remaining_size	32	static
common.c:59:8:ucdr_check_final_buffer_behavior_array	24	static
common.c:74:6:ucdr_set_on_full_buffer_callback	24	static
common.c:86:6:ucdr_init_buffer	24	static
common.c:94:6:ucdr_init_buffer_origin	32	static
common.c:103:6:ucdr_init_buffer_origin_offset	32	static
common.c:113:6:ucdr_init_buffer_origin_offset_endian	24	static
common.c:133:6:ucdr_copy_buffer	16	static
common.c:140:6:ucdr_reset_buffer	16	static
common.c:146:6:ucdr_reset_buffer_offset	16	static
common.c:156:6:ucdr_align_to	24	static
common.c:172:8:ucdr_alignment	16	static
common.c:179:8:ucdr_buffer_alignment	16	static
common.c:188:6:ucdr_advance_buffer	24	static
common.c:211:8:ucdr_buffer_size	16	static
common.c:217:8:ucdr_buffer_length	16	static
common.c:223:8:ucdr_buffer_remaining	16	static
common.c:229:16:ucdr_buffer_endianness	16	static
common.c:235:6:ucdr_buffer_has_error	16	static
