../Middleware/eProsima/Micro-XRCE-DDS-Client/core/log/log.c:135:6:uxr_print_message	2376	static
../Middleware/eProsima/Micro-XRCE-DDS-Client/core/log/log.c:315:6:uxr_print_serialization	40	static
../Middleware/eProsima/Micro-XRCE-DDS-Client/core/log/log.c:351:7:print_array_2	16	static
../Middleware/eProsima/Micro-XRCE-DDS-Client/core/log/log.c:359:13:data_to_string	24	static
../Middleware/eProsima/Micro-XRCE-DDS-Client/core/log/log.c:372:13:request_to_string	32	static
../Middleware/eProsima/Micro-XRCE-DDS-Client/core/log/log.c:382:13:reply_to_string	80	static
../Middleware/eProsima/Micro-XRCE-DDS-Client/core/log/log.c:431:6:print_create_client_submessage	32	static
../Middleware/eProsima/Micro-XRCE-DDS-Client/core/log/log.c:442:6:print_create_submessage	1704	static
../Middleware/eProsima/Micro-XRCE-DDS-Client/core/log/log.c:530:6:print_get_info_submessage	32	static
../Middleware/eProsima/Micro-XRCE-DDS-Client/core/log/log.c:545:6:print_delete_submessage	16	static
../Middleware/eProsima/Micro-XRCE-DDS-Client/core/log/log.c:555:6:print_status_agent_submessage	16	static
../Middleware/eProsima/Micro-XRCE-DDS-Client/core/log/log.c:565:6:print_status_submessage	16	static
../Middleware/eProsima/Micro-XRCE-DDS-Client/core/log/log.c:575:6:print_info_submessage	64	static
../Middleware/eProsima/Micro-XRCE-DDS-Client/core/log/log.c:590:6:print_read_data_submessage	168	static
../Middleware/eProsima/Micro-XRCE-DDS-Client/core/log/log.c:626:6:print_write_data_data_submessage	16	static
../Middleware/eProsima/Micro-XRCE-DDS-Client/core/log/log.c:636:6:print_data_data_submessage	16	static
../Middleware/eProsima/Micro-XRCE-DDS-Client/core/log/log.c:646:6:print_acknack_submessage	48	static
../Middleware/eProsima/Micro-XRCE-DDS-Client/core/log/log.c:667:6:print_heartbeat_submessage	24	static
../Middleware/eProsima/Micro-XRCE-DDS-Client/core/log/log.c:679:6:print_fragment_submessage	24	static
../Middleware/eProsima/Micro-XRCE-DDS-Client/core/log/log.c:691:6:print_header	64	static
../Middleware/eProsima/Micro-XRCE-DDS-Client/core/log/log.c:751:6:print_tail	40	static
