types.c:99:1:rmw_uxrce_init_service_memory	32	static
types.c:100:1:rmw_uxrce_init_client_memory	32	static
types.c:101:1:rmw_uxrce_init_publisher_memory	32	static
types.c:102:1:rmw_uxrce_init_subscription_memory	32	static
types.c:103:1:rmw_uxrce_init_node_memory	32	static
types.c:104:1:rmw_uxrce_init_session_memory	32	static
types.c:105:1:rmw_uxrce_init_topic_memory	32	static
types.c:106:1:rmw_uxrce_init_static_input_buffer_memory	32	static
types.c:107:1:rmw_uxrce_init_init_options_impl_memory	32	static
types.c:108:1:rmw_uxrce_init_wait_set_memory	32	static
types.c:109:1:rmw_uxrce_init_guard_condition_memory	32	static
types.c:113:6:rmw_uxrce_fini_session_memory	16	static
types.c:119:6:rmw_uxrce_fini_node_memory	24	static
types.c:139:6:rmw_uxrce_fini_publisher_memory	24	static
types.c:157:6:rmw_uxrce_fini_subscription_memory	24	static
types.c:175:6:rmw_uxrce_fini_service_memory	24	static
types.c:193:6:rmw_uxrce_fini_client_memory	24	static
types.c:211:6:rmw_uxrce_fini_topic_memory	16	static
types.c:218:8:rmw_uxrce_count_static_input_buffer_for_entity	32	static
types.c:238:28:rmw_uxrce_get_static_input_buffer_for_entity	24	static
types.c:271:28:rmw_uxrce_find_static_input_buffer_by_owner	40	static
types.c:297:6:rmw_uxrce_clean_expired_static_input_buffer	112	static
