../Middleware/rmw_microxrcedds/utils.c:28:6:run_xrce_session	40	static
../Middleware/rmw_microxrcedds/utils.c:50:10:convert_qos_profile	32	static
../Middleware/rmw_microxrcedds/utils.c:99:5:build_participant_xml	32	static
../Middleware/rmw_microxrcedds/utils.c:123:5:generate_service_topics	32	static
../Middleware/rmw_microxrcedds/utils.c:140:5:generate_service_types	40	static
../Middleware/rmw_microxrcedds/utils.c:160:5:build_service_xml	304	static
../Middleware/rmw_microxrcedds/utils.c:250:5:build_publisher_xml	24	static
../Middleware/rmw_microxrcedds/utils.c:262:5:build_subscriber_xml	24	static
../Middleware/rmw_microxrcedds/utils.c:274:5:generate_name	40	static
../Middleware/rmw_microxrcedds/utils.c:290:8:generate_type_name	72	static
../Middleware/rmw_microxrcedds/utils.c:319:5:generate_topic_name	40	static
../Middleware/rmw_microxrcedds/utils.c:336:5:build_topic_xml	144	static
../Middleware/rmw_microxrcedds/utils.c:382:5:build_xml	144	static
../Middleware/rmw_microxrcedds/utils.c:428:5:build_datawriter_xml	32	static
../Middleware/rmw_microxrcedds/utils.c:458:5:build_datareader_xml	32	static
../Middleware/rmw_microxrcedds/utils.c:488:6:build_participant_profile	32	static
../Middleware/rmw_microxrcedds/utils.c:502:6:build_topic_profile	40	static
../Middleware/rmw_microxrcedds/utils.c:516:6:build_datawriter_profile	40	static
../Middleware/rmw_microxrcedds/utils.c:530:6:build_datareader_profile	40	static
../Middleware/rmw_microxrcedds/utils.c:544:6:is_uxrce_rmw_identifier_valid	16	static
